// Jest Snapshot v1, https://goo.gl/fbAQLP

exports[`Chat List tests renders the ui as expected 1`] = `
<div
  className="makeStyles-chatList-1"
>
  <button
    aria-label="Open a new Conversation"
    className="makeStyles-addContainer-3"
    onClick={[Function]}
  >
    <svg
      aria-hidden={true}
      className="MuiSvgIcon-root makeStyles-addIcon-4 MuiSvgIcon-fontSizeLarge"
      focusable="false"
      viewBox="0 0 24 24"
    >
      <path
        d="M19 13h-6v6h-2v-6H5v-2h6V5h2v6h6v2z"
      />
    </svg>
    <span
      className="makeStyles-convPrompt-5"
    >
      Start Conversation
    </span>
  </button>
  <div
    className="makeStyles-scrollContainer-2"
  />
</div>
`;
