// Jest Snapshot v1, https://goo.gl/fbAQLP

exports[`Chat Add Tests renders the ui as expected 1`] = `
<button
  aria-label="Open a new Conversation"
  className="makeStyles-addContainer-13"
  onClick={[Function]}
>
  <svg
    aria-hidden={true}
    className="MuiSvgIcon-root makeStyles-addIcon-14 MuiSvgIcon-fontSizeLarge"
    focusable="false"
    viewBox="0 0 24 24"
  >
    <path
      d="M19 13h-6v6h-2v-6H5v-2h6V5h2v6h6v2z"
    />
  </svg>
  <span
    className="makeStyles-convPrompt-15"
  >
    Start Conversation
  </span>
</button>
`;
